MPLINK 5.08, LINKER
Linker Map File - Created Mon Sep 05 12:20:08 2022

                                 Section Info
                  Section       Type    Address   Location Size(Bytes)
                ---------  ---------  ---------  ---------  ---------
                   .org_0       code   0x000000    program   0x000002
                   .cinit    romdata   0x000001    program   0x000004
                   .org_1       code   0x000004    program   0x000088
.config_2007_BUILD/DEFAULT/DEBUG/VAZIO.O       code   0x002007    program   0x000002



                              Program Memory Usage 
                               Start         End      
                           ---------   ---------      
                            0x000000    0x000002      
                            0x000004    0x000047      
                            0x002007    0x002007      
            72 out of 1158 program addresses used, program memory utilization is 6%



                              Symbols - Sorted by Name
                     Name    Address   Location    Storage File                     
                ---------  ---------  ---------  --------- ---------                
               EQUILATERO   0x000043    program     static C:\Users\julio\MPLABXProjects\Atividade02.X\Vazio.ASM
                 ESCALENO   0x00003f    program     static C:\Users\julio\MPLABXProjects\Atividade02.X\Vazio.ASM
                    FINAL   0x000047    program     static C:\Users\julio\MPLABXProjects\Atividade02.X\Vazio.ASM
                   INICIO   0x00000d    program     static C:\Users\julio\MPLABXProjects\Atividade02.X\Vazio.ASM
                 ISOCELES   0x000041    program     static C:\Users\julio\MPLABXProjects\Atividade02.X\Vazio.ASM
                     MAIN   0x00001e    program     static C:\Users\julio\MPLABXProjects\Atividade02.X\Vazio.ASM
     NAO_EXISTE_TRIANGULO   0x000045    program     static C:\Users\julio\MPLABXProjects\Atividade02.X\Vazio.ASM
                  SAI_INT   0x000007    program     static C:\Users\julio\MPLABXProjects\Atividade02.X\Vazio.ASM
               SUBROTINA1   0x00000c    program     static C:\Users\julio\MPLABXProjects\Atividade02.X\Vazio.ASM
                X1_DIF_Y1   0x000036    program     static C:\Users\julio\MPLABXProjects\Atividade02.X\Vazio.ASM



                              Symbols - Sorted by Address
                     Name    Address   Location    Storage File                     
                ---------  ---------  ---------  --------- ---------                
                  SAI_INT   0x000007    program     static C:\Users\julio\MPLABXProjects\Atividade02.X\Vazio.ASM
               SUBROTINA1   0x00000c    program     static C:\Users\julio\MPLABXProjects\Atividade02.X\Vazio.ASM
                   INICIO   0x00000d    program     static C:\Users\julio\MPLABXProjects\Atividade02.X\Vazio.ASM
                     MAIN   0x00001e    program     static C:\Users\julio\MPLABXProjects\Atividade02.X\Vazio.ASM
                X1_DIF_Y1   0x000036    program     static C:\Users\julio\MPLABXProjects\Atividade02.X\Vazio.ASM
                 ESCALENO   0x00003f    program     static C:\Users\julio\MPLABXProjects\Atividade02.X\Vazio.ASM
                 ISOCELES   0x000041    program     static C:\Users\julio\MPLABXProjects\Atividade02.X\Vazio.ASM
               EQUILATERO   0x000043    program     static C:\Users\julio\MPLABXProjects\Atividade02.X\Vazio.ASM
     NAO_EXISTE_TRIANGULO   0x000045    program     static C:\Users\julio\MPLABXProjects\Atividade02.X\Vazio.ASM
                    FINAL   0x000047    program     static C:\Users\julio\MPLABXProjects\Atividade02.X\Vazio.ASM


