MPLINK 5.08, LINKER
Linker Map File - Created Wed Sep 14 13:15:51 2022

                                 Section Info
                  Section       Type    Address   Location Size(Bytes)
                ---------  ---------  ---------  ---------  ---------
                   .org_0       code   0x000000    program   0x000002
                   .cinit    romdata   0x000001    program   0x000004
                   .org_1       code   0x000004    program   0x00005c
.config_2007_BUILD/DEFAULT/DEBUG/ATIVIDADE03.       code   0x002007    program   0x000002



                              Program Memory Usage 
                               Start         End      
                           ---------   ---------      
                            0x000000    0x000002      
                            0x000004    0x000031      
                            0x002007    0x002007      
            50 out of 1158 program addresses used, program memory utilization is 4%



                              Symbols - Sorted by Name
                     Name    Address   Location    Storage File                     
                ---------  ---------  ---------  --------- ---------                
                  DELAY_0   0x00000c    program     static C:\Users\julio\MPLABXProjects\Atividade3.X\Atividade03.ASM
                  DELAY_1   0x000012    program     static C:\Users\julio\MPLABXProjects\Atividade3.X\Atividade03.ASM
                   ESPERA   0x00000f    program     static C:\Users\julio\MPLABXProjects\Atividade3.X\Atividade03.ASM
                 ESPERA_1   0x000015    program     static C:\Users\julio\MPLABXProjects\Atividade3.X\Atividade03.ASM
                   INICIO   0x000018    program     static C:\Users\julio\MPLABXProjects\Atividade3.X\Atividade03.ASM
                     MAIN   0x000026    program     static C:\Users\julio\MPLABXProjects\Atividade3.X\Atividade03.ASM
                  SAI_INT   0x000007    program     static C:\Users\julio\MPLABXProjects\Atividade3.X\Atividade03.ASM
                 SIGNAL_0   0x00002d    program     static C:\Users\julio\MPLABXProjects\Atividade3.X\Atividade03.ASM



                              Symbols - Sorted by Address
                     Name    Address   Location    Storage File                     
                ---------  ---------  ---------  --------- ---------                
                  SAI_INT   0x000007    program     static C:\Users\julio\MPLABXProjects\Atividade3.X\Atividade03.ASM
                  DELAY_0   0x00000c    program     static C:\Users\julio\MPLABXProjects\Atividade3.X\Atividade03.ASM
                   ESPERA   0x00000f    program     static C:\Users\julio\MPLABXProjects\Atividade3.X\Atividade03.ASM
                  DELAY_1   0x000012    program     static C:\Users\julio\MPLABXProjects\Atividade3.X\Atividade03.ASM
                 ESPERA_1   0x000015    program     static C:\Users\julio\MPLABXProjects\Atividade3.X\Atividade03.ASM
                   INICIO   0x000018    program     static C:\Users\julio\MPLABXProjects\Atividade3.X\Atividade03.ASM
                     MAIN   0x000026    program     static C:\Users\julio\MPLABXProjects\Atividade3.X\Atividade03.ASM
                 SIGNAL_0   0x00002d    program     static C:\Users\julio\MPLABXProjects\Atividade3.X\Atividade03.ASM


